// Jest Snapshot v1, https://goo.gl/fbAQLP

exports[`renders welcome message 1`] = `
Object {
  "asFragment": [Function],
  "baseElement": <body>
    <div>
      <div
        class="App"
      >
        <table
          style="table-layout: fixed;"
        >
          <thead>
            <td>
              <input
                type="checkbox"
              />
            </td>
            <td
              align="right"
              width="100px"
            >
              ID
            </td>
            <td>
              NAME
            </td>
            <td
              align="right"
            >
              IID
            </td>
          </thead>
          <tbody>
            <tr>
              <td
                width="10px"
              >
                <input
                  type="checkbox"
                />
              </td>
              <td
                align="right"
                width="100px"
              >
                0
              </td>
              <td>
                0 Guy
              </td>
              <td
                align="right"
              >
                0
              </td>
            </tr>
            <tr>
              <td
                width="10px"
              >
                <input
                  type="checkbox"
                />
              </td>
              <td
                align="right"
                width="100px"
              >
                1
              </td>
              <td>
                1 Guy
              </td>
              <td
                align="right"
              >
                1
              </td>
            </tr>
            <tr>
              <td
                width="10px"
              >
                <input
                  type="checkbox"
                />
              </td>
              <td
                align="right"
                width="100px"
              >
                2
              </td>
              <td>
                2 Guy
              </td>
              <td
                align="right"
              >
                2
              </td>
            </tr>
            <tr>
              <td
                width="10px"
              >
                <input
                  type="checkbox"
                />
              </td>
              <td
                align="right"
                width="100px"
              >
                3
              </td>
              <td>
                3 Guy
              </td>
              <td
                align="right"
              >
                3
              </td>
            </tr>
            <tr>
              <td
                width="10px"
              >
                <input
                  type="checkbox"
                />
              </td>
              <td
                align="right"
                width="100px"
              >
                4
              </td>
              <td>
                4 Guy
              </td>
              <td
                align="right"
              >
                4
              </td>
            </tr>
            <tr>
              <td
                width="10px"
              >
                <input
                  type="checkbox"
                />
              </td>
              <td
                align="right"
                width="100px"
              >
                5
              </td>
              <td>
                5 Guy
              </td>
              <td
                align="right"
              >
                5
              </td>
            </tr>
            <tr>
              <td
                width="10px"
              >
                <input
                  type="checkbox"
                />
              </td>
              <td
                align="right"
                width="100px"
              >
                6
              </td>
              <td>
                6 Guy
              </td>
              <td
                align="right"
              >
                6
              </td>
            </tr>
            <tr>
              <td
                width="10px"
              >
                <input
                  type="checkbox"
                />
              </td>
              <td
                align="right"
                width="100px"
              >
                7
              </td>
              <td>
                7 Guy
              </td>
              <td
                align="right"
              >
                7
              </td>
            </tr>
            <tr>
              <td
                width="10px"
              >
                <input
                  type="checkbox"
                />
              </td>
              <td
                align="right"
                width="100px"
              >
                8
              </td>
              <td>
                8 Guy
              </td>
              <td
                align="right"
              >
                8
              </td>
            </tr>
            <tr>
              <td
                width="10px"
              >
                <input
                  type="checkbox"
                />
              </td>
              <td
                align="right"
                width="100px"
              >
                9
              </td>
              <td>
                9 Guy
              </td>
              <td
                align="right"
              >
                9
              </td>
            </tr>
            <tr>
              <td
                width="10px"
              >
                <input
                  type="checkbox"
                />
              </td>
              <td
                align="right"
                width="100px"
              >
                10
              </td>
              <td>
                10 Guy
              </td>
              <td
                align="right"
              >
                10
              </td>
            </tr>
            <tr>
              <td
                width="10px"
              >
                <input
                  type="checkbox"
                />
              </td>
              <td
                align="right"
                width="100px"
              >
                11
              </td>
              <td>
                11 Guy
              </td>
              <td
                align="right"
              >
                11
              </td>
            </tr>
            <tr>
              <td
                width="10px"
              >
                <input
                  type="checkbox"
                />
              </td>
              <td
                align="right"
                width="100px"
              >
                12
              </td>
              <td>
                12 Guy
              </td>
              <td
                align="right"
              >
                12
              </td>
            </tr>
            <tr>
              <td
                width="10px"
              >
                <input
                  type="checkbox"
                />
              </td>
              <td
                align="right"
                width="100px"
              >
                13
              </td>
              <td>
                13 Guy
              </td>
              <td
                align="right"
              >
                13
              </td>
            </tr>
            <tr>
              <td
                width="10px"
              >
                <input
                  type="checkbox"
                />
              </td>
              <td
                align="right"
                width="100px"
              >
                14
              </td>
              <td>
                14 Guy
              </td>
              <td
                align="right"
              >
                14
              </td>
            </tr>
            <tr>
              <td
                width="10px"
              >
                <input
                  type="checkbox"
                />
              </td>
              <td
                align="right"
                width="100px"
              >
                15
              </td>
              <td>
                15 Guy
              </td>
              <td
                align="right"
              >
                15
              </td>
            </tr>
            <tr>
              <td
                width="10px"
              >
                <input
                  type="checkbox"
                />
              </td>
              <td
                align="right"
                width="100px"
              >
                16
              </td>
              <td>
                16 Guy
              </td>
              <td
                align="right"
              >
                16
              </td>
            </tr>
            <tr>
              <td
                width="10px"
              >
                <input
                  type="checkbox"
                />
              </td>
              <td
                align="right"
                width="100px"
              >
                17
              </td>
              <td>
                17 Guy
              </td>
              <td
                align="right"
              >
                17
              </td>
            </tr>
            <tr>
              <td
                width="10px"
              >
                <input
                  type="checkbox"
                />
              </td>
              <td
                align="right"
                width="100px"
              >
                18
              </td>
              <td>
                18 Guy
              </td>
              <td
                align="right"
              >
                18
              </td>
            </tr>
            <tr>
              <td
                width="10px"
              >
                <input
                  type="checkbox"
                />
              </td>
              <td
                align="right"
                width="100px"
              >
                19
              </td>
              <td>
                19 Guy
              </td>
              <td
                align="right"
              >
                19
              </td>
            </tr>
            <tr>
              <td
                width="10px"
              >
                <input
                  type="checkbox"
                />
              </td>
              <td
                align="right"
                width="100px"
              >
                20
              </td>
              <td>
                20 Guy
              </td>
              <td
                align="right"
              >
                20
              </td>
            </tr>
            <tr>
              <td
                width="10px"
              >
                <input
                  type="checkbox"
                />
              </td>
              <td
                align="right"
                width="100px"
              >
                21
              </td>
              <td>
                21 Guy
              </td>
              <td
                align="right"
              >
                21
              </td>
            </tr>
            <tr>
              <td
                width="10px"
              >
                <input
                  type="checkbox"
                />
              </td>
              <td
                align="right"
                width="100px"
              >
                22
              </td>
              <td>
                22 Guy
              </td>
              <td
                align="right"
              >
                22
              </td>
            </tr>
            <tr>
              <td
                width="10px"
              >
                <input
                  type="checkbox"
                />
              </td>
              <td
                align="right"
                width="100px"
              >
                23
              </td>
              <td>
                23 Guy
              </td>
              <td
                align="right"
              >
                23
              </td>
            </tr>
            <tr>
              <td
                width="10px"
              >
                <input
                  type="checkbox"
                />
              </td>
              <td
                align="right"
                width="100px"
              >
                24
              </td>
              <td>
                24 Guy
              </td>
              <td
                align="right"
              >
                24
              </td>
            </tr>
            <tr>
              <td
                width="10px"
              >
                <input
                  type="checkbox"
                />
              </td>
              <td
                align="right"
                width="100px"
              >
                25
              </td>
              <td>
                25 Guy
              </td>
              <td
                align="right"
              >
                25
              </td>
            </tr>
            <tr>
              <td
                width="10px"
              >
                <input
                  type="checkbox"
                />
              </td>
              <td
                align="right"
                width="100px"
              >
                26
              </td>
              <td>
                26 Guy
              </td>
              <td
                align="right"
              >
                26
              </td>
            </tr>
            <tr>
              <td
                width="10px"
              >
                <input
                  type="checkbox"
                />
              </td>
              <td
                align="right"
                width="100px"
              >
                27
              </td>
              <td>
                27 Guy
              </td>
              <td
                align="right"
              >
                27
              </td>
            </tr>
            <tr>
              <td
                width="10px"
              >
                <input
                  type="checkbox"
                />
              </td>
              <td
                align="right"
                width="100px"
              >
                28
              </td>
              <td>
                28 Guy
              </td>
              <td
                align="right"
              >
                28
              </td>
            </tr>
            <tr>
              <td
                width="10px"
              >
                <input
                  type="checkbox"
                />
              </td>
              <td
                align="right"
                width="100px"
              >
                29
              </td>
              <td>
                29 Guy
              </td>
              <td
                align="right"
              >
                29
              </td>
            </tr>
            <tr>
              <td
                width="10px"
              >
                <input
                  type="checkbox"
                />
              </td>
              <td
                align="right"
                width="100px"
              >
                30
              </td>
              <td>
                30 Guy
              </td>
              <td
                align="right"
              >
                30
              </td>
            </tr>
          </tbody>
        </table>
      </div>
    </div>
  </body>,
  "container": <div>
    <div
      class="App"
    >
      <table
        style="table-layout: fixed;"
      >
        <thead>
          <td>
            <input
              type="checkbox"
            />
          </td>
          <td
            align="right"
            width="100px"
          >
            ID
          </td>
          <td>
            NAME
          </td>
          <td
            align="right"
          >
            IID
          </td>
        </thead>
        <tbody>
          <tr>
            <td
              width="10px"
            >
              <input
                type="checkbox"
              />
            </td>
            <td
              align="right"
              width="100px"
            >
              0
            </td>
            <td>
              0 Guy
            </td>
            <td
              align="right"
            >
              0
            </td>
          </tr>
          <tr>
            <td
              width="10px"
            >
              <input
                type="checkbox"
              />
            </td>
            <td
              align="right"
              width="100px"
            >
              1
            </td>
            <td>
              1 Guy
            </td>
            <td
              align="right"
            >
              1
            </td>
          </tr>
          <tr>
            <td
              width="10px"
            >
              <input
                type="checkbox"
              />
            </td>
            <td
              align="right"
              width="100px"
            >
              2
            </td>
            <td>
              2 Guy
            </td>
            <td
              align="right"
            >
              2
            </td>
          </tr>
          <tr>
            <td
              width="10px"
            >
              <input
                type="checkbox"
              />
            </td>
            <td
              align="right"
              width="100px"
            >
              3
            </td>
            <td>
              3 Guy
            </td>
            <td
              align="right"
            >
              3
            </td>
          </tr>
          <tr>
            <td
              width="10px"
            >
              <input
                type="checkbox"
              />
            </td>
            <td
              align="right"
              width="100px"
            >
              4
            </td>
            <td>
              4 Guy
            </td>
            <td
              align="right"
            >
              4
            </td>
          </tr>
          <tr>
            <td
              width="10px"
            >
              <input
                type="checkbox"
              />
            </td>
            <td
              align="right"
              width="100px"
            >
              5
            </td>
            <td>
              5 Guy
            </td>
            <td
              align="right"
            >
              5
            </td>
          </tr>
          <tr>
            <td
              width="10px"
            >
              <input
                type="checkbox"
              />
            </td>
            <td
              align="right"
              width="100px"
            >
              6
            </td>
            <td>
              6 Guy
            </td>
            <td
              align="right"
            >
              6
            </td>
          </tr>
          <tr>
            <td
              width="10px"
            >
              <input
                type="checkbox"
              />
            </td>
            <td
              align="right"
              width="100px"
            >
              7
            </td>
            <td>
              7 Guy
            </td>
            <td
              align="right"
            >
              7
            </td>
          </tr>
          <tr>
            <td
              width="10px"
            >
              <input
                type="checkbox"
              />
            </td>
            <td
              align="right"
              width="100px"
            >
              8
            </td>
            <td>
              8 Guy
            </td>
            <td
              align="right"
            >
              8
            </td>
          </tr>
          <tr>
            <td
              width="10px"
            >
              <input
                type="checkbox"
              />
            </td>
            <td
              align="right"
              width="100px"
            >
              9
            </td>
            <td>
              9 Guy
            </td>
            <td
              align="right"
            >
              9
            </td>
          </tr>
          <tr>
            <td
              width="10px"
            >
              <input
                type="checkbox"
              />
            </td>
            <td
              align="right"
              width="100px"
            >
              10
            </td>
            <td>
              10 Guy
            </td>
            <td
              align="right"
            >
              10
            </td>
          </tr>
          <tr>
            <td
              width="10px"
            >
              <input
                type="checkbox"
              />
            </td>
            <td
              align="right"
              width="100px"
            >
              11
            </td>
            <td>
              11 Guy
            </td>
            <td
              align="right"
            >
              11
            </td>
          </tr>
          <tr>
            <td
              width="10px"
            >
              <input
                type="checkbox"
              />
            </td>
            <td
              align="right"
              width="100px"
            >
              12
            </td>
            <td>
              12 Guy
            </td>
            <td
              align="right"
            >
              12
            </td>
          </tr>
          <tr>
            <td
              width="10px"
            >
              <input
                type="checkbox"
              />
            </td>
            <td
              align="right"
              width="100px"
            >
              13
            </td>
            <td>
              13 Guy
            </td>
            <td
              align="right"
            >
              13
            </td>
          </tr>
          <tr>
            <td
              width="10px"
            >
              <input
                type="checkbox"
              />
            </td>
            <td
              align="right"
              width="100px"
            >
              14
            </td>
            <td>
              14 Guy
            </td>
            <td
              align="right"
            >
              14
            </td>
          </tr>
          <tr>
            <td
              width="10px"
            >
              <input
                type="checkbox"
              />
            </td>
            <td
              align="right"
              width="100px"
            >
              15
            </td>
            <td>
              15 Guy
            </td>
            <td
              align="right"
            >
              15
            </td>
          </tr>
          <tr>
            <td
              width="10px"
            >
              <input
                type="checkbox"
              />
            </td>
            <td
              align="right"
              width="100px"
            >
              16
            </td>
            <td>
              16 Guy
            </td>
            <td
              align="right"
            >
              16
            </td>
          </tr>
          <tr>
            <td
              width="10px"
            >
              <input
                type="checkbox"
              />
            </td>
            <td
              align="right"
              width="100px"
            >
              17
            </td>
            <td>
              17 Guy
            </td>
            <td
              align="right"
            >
              17
            </td>
          </tr>
          <tr>
            <td
              width="10px"
            >
              <input
                type="checkbox"
              />
            </td>
            <td
              align="right"
              width="100px"
            >
              18
            </td>
            <td>
              18 Guy
            </td>
            <td
              align="right"
            >
              18
            </td>
          </tr>
          <tr>
            <td
              width="10px"
            >
              <input
                type="checkbox"
              />
            </td>
            <td
              align="right"
              width="100px"
            >
              19
            </td>
            <td>
              19 Guy
            </td>
            <td
              align="right"
            >
              19
            </td>
          </tr>
          <tr>
            <td
              width="10px"
            >
              <input
                type="checkbox"
              />
            </td>
            <td
              align="right"
              width="100px"
            >
              20
            </td>
            <td>
              20 Guy
            </td>
            <td
              align="right"
            >
              20
            </td>
          </tr>
          <tr>
            <td
              width="10px"
            >
              <input
                type="checkbox"
              />
            </td>
            <td
              align="right"
              width="100px"
            >
              21
            </td>
            <td>
              21 Guy
            </td>
            <td
              align="right"
            >
              21
            </td>
          </tr>
          <tr>
            <td
              width="10px"
            >
              <input
                type="checkbox"
              />
            </td>
            <td
              align="right"
              width="100px"
            >
              22
            </td>
            <td>
              22 Guy
            </td>
            <td
              align="right"
            >
              22
            </td>
          </tr>
          <tr>
            <td
              width="10px"
            >
              <input
                type="checkbox"
              />
            </td>
            <td
              align="right"
              width="100px"
            >
              23
            </td>
            <td>
              23 Guy
            </td>
            <td
              align="right"
            >
              23
            </td>
          </tr>
          <tr>
            <td
              width="10px"
            >
              <input
                type="checkbox"
              />
            </td>
            <td
              align="right"
              width="100px"
            >
              24
            </td>
            <td>
              24 Guy
            </td>
            <td
              align="right"
            >
              24
            </td>
          </tr>
          <tr>
            <td
              width="10px"
            >
              <input
                type="checkbox"
              />
            </td>
            <td
              align="right"
              width="100px"
            >
              25
            </td>
            <td>
              25 Guy
            </td>
            <td
              align="right"
            >
              25
            </td>
          </tr>
          <tr>
            <td
              width="10px"
            >
              <input
                type="checkbox"
              />
            </td>
            <td
              align="right"
              width="100px"
            >
              26
            </td>
            <td>
              26 Guy
            </td>
            <td
              align="right"
            >
              26
            </td>
          </tr>
          <tr>
            <td
              width="10px"
            >
              <input
                type="checkbox"
              />
            </td>
            <td
              align="right"
              width="100px"
            >
              27
            </td>
            <td>
              27 Guy
            </td>
            <td
              align="right"
            >
              27
            </td>
          </tr>
          <tr>
            <td
              width="10px"
            >
              <input
                type="checkbox"
              />
            </td>
            <td
              align="right"
              width="100px"
            >
              28
            </td>
            <td>
              28 Guy
            </td>
            <td
              align="right"
            >
              28
            </td>
          </tr>
          <tr>
            <td
              width="10px"
            >
              <input
                type="checkbox"
              />
            </td>
            <td
              align="right"
              width="100px"
            >
              29
            </td>
            <td>
              29 Guy
            </td>
            <td
              align="right"
            >
              29
            </td>
          </tr>
          <tr>
            <td
              width="10px"
            >
              <input
                type="checkbox"
              />
            </td>
            <td
              align="right"
              width="100px"
            >
              30
            </td>
            <td>
              30 Guy
            </td>
            <td
              align="right"
            >
              30
            </td>
          </tr>
        </tbody>
      </table>
    </div>
  </div>,
  "debug": [Function],
  "findAllByAltText": [Function],
  "findAllByDisplayValue": [Function],
  "findAllByLabelText": [Function],
  "findAllByPlaceholderText": [Function],
  "findAllByRole": [Function],
  "findAllByTestId": [Function],
  "findAllByText": [Function],
  "findAllByTitle": [Function],
  "findByAltText": [Function],
  "findByDisplayValue": [Function],
  "findByLabelText": [Function],
  "findByPlaceholderText": [Function],
  "findByRole": [Function],
  "findByTestId": [Function],
  "findByText": [Function],
  "findByTitle": [Function],
  "getAllByAltText": [Function],
  "getAllByDisplayValue": [Function],
  "getAllByLabelText": [Function],
  "getAllByPlaceholderText": [Function],
  "getAllByRole": [Function],
  "getAllByTestId": [Function],
  "getAllByText": [Function],
  "getAllByTitle": [Function],
  "getByAltText": [Function],
  "getByDisplayValue": [Function],
  "getByLabelText": [Function],
  "getByPlaceholderText": [Function],
  "getByRole": [Function],
  "getByTestId": [Function],
  "getByText": [Function],
  "getByTitle": [Function],
  "queryAllByAltText": [Function],
  "queryAllByDisplayValue": [Function],
  "queryAllByLabelText": [Function],
  "queryAllByPlaceholderText": [Function],
  "queryAllByRole": [Function],
  "queryAllByTestId": [Function],
  "queryAllByText": [Function],
  "queryAllByTitle": [Function],
  "queryByAltText": [Function],
  "queryByDisplayValue": [Function],
  "queryByLabelText": [Function],
  "queryByPlaceholderText": [Function],
  "queryByRole": [Function],
  "queryByTestId": [Function],
  "queryByText": [Function],
  "queryByTitle": [Function],
  "rerender": [Function],
  "unmount": [Function],
}
`;
